// Jest Snapshot v1, https://goo.gl/fbAQLP

exports[`<Button /> Should render the Button component 1`] = `
<button>
  Confirm
</button>
`;
